// Jest Snapshot v1, https://goo.gl/fbAQLP

exports[`<App /> App should render correctly 1`] = `null`;
