// Jest Snapshot v1, https://goo.gl/fbAQLP

exports[`Testing Plates Calculator Should render 1`] = `
<RCTScrollView>
  <View>
    <View
      style={
        Array [
          Object {
            "backgroundColor": "rgb(231, 231, 231)",
            "borderTopLeftRadius": 4,
            "borderTopRightRadius": 4,
          },
          Object {
            "backgroundColor": "white",
            "borderColor": "#ddd",
            "borderRadius": 6,
            "fontFamily": "lato-regular",
            "margin": 8,
          },
        ]
      }
    >
      <View
        style={
          Object {
            "backgroundColor": "rgba(0, 0, 0, 0.26)",
            "bottom": 0,
            "height": 2,
            "left": 0,
            "position": "absolute",
            "right": 0,
            "transform": Array [
              Object {
                "scaleY": 0.5,
              },
            ],
          }
        }
      />
      <View
        style={
          Array [
            Object {
              "paddingBottom": 0,
              "paddingTop": 0,
            },
            Object {
              "minHeight": 64,
            },
          ]
        }
      >
        <TextInput
          allowFontScaling={true}
          editable={true}
          keyboardType="phone-pad"
          multiline={false}
          onBlur={[Function]}
          onChangeText={[Function]}
          onFocus={[Function]}
          placeholder="Target Weight"
          placeholderTextColor="rgba(0, 0, 0, 0.54)"
          rejectResponderTermination={true}
          selectionColor="#6200ee"
          style={
            Array [
              Object {
                "flexGrow": 1,
                "margin": 0,
                "zIndex": 1,
              },
              Object {
                "paddingLeft": 12,
                "paddingRight": 12,
              },
              Object {
                "height": 64,
              },
              Object {
                "paddingBottom": 0,
                "paddingTop": 0,
              },
              Object {
                "color": "#000000",
                "fontFamily": "lato-regular",
                "fontSize": 18,
                "fontWeight": undefined,
                "textAlign": "left",
                "textAlignVertical": "center",
              },
              false,
              Array [
                Object {},
              ],
            ]
          }
          underlineColorAndroid="transparent"
          value={0}
        />
      </View>
    </View>
    <View
      style={
        Object {
          "backgroundColor": "white",
          "margin": 8,
        }
      }
    >
      <Text
        style={
          Object {
            "fontFamily": "lato-bold",
            "fontSize": 16,
            "margin": 10,
          }
        }
      >
        Barbell Type
      </Text>
      <View>
        <RNCPicker
          items={
            Array [
              Object {
                "label": "7' Olympic Bar (20kg)",
                "testID": undefined,
                "textColor": undefined,
                "value": 20,
              },
              Object {
                "label": "6' Olympic Bar (15kg)",
                "testID": undefined,
                "textColor": undefined,
                "value": 15,
              },
            ]
          }
          onChange={[Function]}
          selectedIndex={0}
          style={
            Array [
              Object {
                "height": 216,
              },
              undefined,
            ]
          }
        />
      </View>
    </View>
    <View
      style={
        Object {
          "flexDirection": "row",
          "flexWrap": "wrap",
          "margin": 10,
        }
      }
    >
      <Text
        style={
          Object {
            "fontFamily": "lato-bold",
            "fontSize": 16,
            "margin": 10,
          }
        }
      >
        Select the plates available to your gym!
      </Text>
      <View
        accessible={true}
        focusable={true}
        onClick={[Function]}
        onResponderGrant={[Function]}
        onResponderMove={[Function]}
        onResponderRelease={[Function]}
        onResponderTerminate={[Function]}
        onResponderTerminationRequest={[Function]}
        onStartShouldSetResponder={[Function]}
        style={
          Object {
            "alignItems": "center",
            "backgroundColor": "red",
            "borderRadius": 50,
            "height": 100,
            "justifyContent": "center",
            "opacity": 0.2,
            "width": 100,
          }
        }
      >
        <Text
          style={
            Object {
              "color": "black",
              "fontFamily": "lato-bold",
              "fontSize": 18,
            }
          }
        >
          25
        </Text>
      </View>
      <View
        accessible={true}
        focusable={true}
        onClick={[Function]}
        onResponderGrant={[Function]}
        onResponderMove={[Function]}
        onResponderRelease={[Function]}
        onResponderTerminate={[Function]}
        onResponderTerminationRequest={[Function]}
        onStartShouldSetResponder={[Function]}
        style={
          Object {
            "alignItems": "center",
            "backgroundColor": "blue",
            "borderRadius": 50,
            "height": 100,
            "justifyContent": "center",
            "opacity": 0.2,
            "width": 100,
          }
        }
      >
        <Text
          style={
            Object {
              "color": "black",
              "fontFamily": "lato-bold",
              "fontSize": 18,
            }
          }
        >
          20
        </Text>
      </View>
      <View
        accessible={true}
        focusable={true}
        onClick={[Function]}
        onResponderGrant={[Function]}
        onResponderMove={[Function]}
        onResponderRelease={[Function]}
        onResponderTerminate={[Function]}
        onResponderTerminationRequest={[Function]}
        onStartShouldSetResponder={[Function]}
        style={
          Object {
            "alignItems": "center",
            "backgroundColor": "yellow",
            "borderRadius": 50,
            "height": 100,
            "justifyContent": "center",
            "opacity": 0.2,
            "width": 100,
          }
        }
      >
        <Text
          style={
            Object {
              "color": "black",
              "fontFamily": "lato-bold",
              "fontSize": 18,
            }
          }
        >
          15
        </Text>
      </View>
      <View
        accessible={true}
        focusable={true}
        onClick={[Function]}
        onResponderGrant={[Function]}
        onResponderMove={[Function]}
        onResponderRelease={[Function]}
        onResponderTerminate={[Function]}
        onResponderTerminationRequest={[Function]}
        onStartShouldSetResponder={[Function]}
        style={
          Object {
            "alignItems": "center",
            "backgroundColor": "green",
            "borderRadius": 50,
            "height": 100,
            "justifyContent": "center",
            "opacity": 0.2,
            "width": 100,
          }
        }
      >
        <Text
          style={
            Object {
              "color": "black",
              "fontFamily": "lato-bold",
              "fontSize": 18,
            }
          }
        >
          10
        </Text>
      </View>
      <View
        accessible={true}
        focusable={true}
        onClick={[Function]}
        onResponderGrant={[Function]}
        onResponderMove={[Function]}
        onResponderRelease={[Function]}
        onResponderTerminate={[Function]}
        onResponderTerminationRequest={[Function]}
        onStartShouldSetResponder={[Function]}
        style={
          Object {
            "alignItems": "center",
            "backgroundColor": "black",
            "borderRadius": 25,
            "height": 50,
            "justifyContent": "center",
            "opacity": 0.2,
            "width": 50,
          }
        }
      >
        <Text
          style={
            Object {
              "color": "white",
              "fontFamily": "lato-bold",
              "fontSize": 18,
            }
          }
        >
          5
        </Text>
      </View>
      <View
        accessible={true}
        focusable={true}
        onClick={[Function]}
        onResponderGrant={[Function]}
        onResponderMove={[Function]}
        onResponderRelease={[Function]}
        onResponderTerminate={[Function]}
        onResponderTerminationRequest={[Function]}
        onStartShouldSetResponder={[Function]}
        style={
          Object {
            "alignItems": "center",
            "backgroundColor": "black",
            "borderRadius": 25,
            "height": 50,
            "justifyContent": "center",
            "opacity": 0.2,
            "width": 50,
          }
        }
      >
        <Text
          style={
            Object {
              "color": "white",
              "fontFamily": "lato-bold",
              "fontSize": 18,
            }
          }
        >
          2.5
        </Text>
      </View>
      <View
        accessible={true}
        focusable={true}
        onClick={[Function]}
        onResponderGrant={[Function]}
        onResponderMove={[Function]}
        onResponderRelease={[Function]}
        onResponderTerminate={[Function]}
        onResponderTerminationRequest={[Function]}
        onStartShouldSetResponder={[Function]}
        style={
          Object {
            "alignItems": "center",
            "backgroundColor": "black",
            "borderRadius": 25,
            "height": 50,
            "justifyContent": "center",
            "opacity": 0.2,
            "width": 50,
          }
        }
      >
        <Text
          style={
            Object {
              "color": "white",
              "fontFamily": "lato-bold",
              "fontSize": 18,
            }
          }
        >
          2
        </Text>
      </View>
      <View
        accessible={true}
        focusable={true}
        onClick={[Function]}
        onResponderGrant={[Function]}
        onResponderMove={[Function]}
        onResponderRelease={[Function]}
        onResponderTerminate={[Function]}
        onResponderTerminationRequest={[Function]}
        onStartShouldSetResponder={[Function]}
        style={
          Object {
            "alignItems": "center",
            "backgroundColor": "black",
            "borderRadius": 25,
            "height": 50,
            "justifyContent": "center",
            "opacity": 0.2,
            "width": 50,
          }
        }
      >
        <Text
          style={
            Object {
              "color": "white",
              "fontFamily": "lato-bold",
              "fontSize": 18,
            }
          }
        >
          1.5
        </Text>
      </View>
      <View
        accessible={true}
        focusable={true}
        onClick={[Function]}
        onResponderGrant={[Function]}
        onResponderMove={[Function]}
        onResponderRelease={[Function]}
        onResponderTerminate={[Function]}
        onResponderTerminationRequest={[Function]}
        onStartShouldSetResponder={[Function]}
        style={
          Object {
            "alignItems": "center",
            "backgroundColor": "black",
            "borderRadius": 25,
            "height": 50,
            "justifyContent": "center",
            "opacity": 0.2,
            "width": 50,
          }
        }
      >
        <Text
          style={
            Object {
              "color": "white",
              "fontFamily": "lato-bold",
              "fontSize": 18,
            }
          }
        >
          1.25
        </Text>
      </View>
      <View
        accessible={true}
        focusable={true}
        onClick={[Function]}
        onResponderGrant={[Function]}
        onResponderMove={[Function]}
        onResponderRelease={[Function]}
        onResponderTerminate={[Function]}
        onResponderTerminationRequest={[Function]}
        onStartShouldSetResponder={[Function]}
        style={
          Object {
            "alignItems": "center",
            "backgroundColor": "black",
            "borderRadius": 25,
            "height": 50,
            "justifyContent": "center",
            "opacity": 0.2,
            "width": 50,
          }
        }
      >
        <Text
          style={
            Object {
              "color": "white",
              "fontFamily": "lato-bold",
              "fontSize": 18,
            }
          }
        >
          1
        </Text>
      </View>
      <View
        accessible={true}
        focusable={true}
        onClick={[Function]}
        onResponderGrant={[Function]}
        onResponderMove={[Function]}
        onResponderRelease={[Function]}
        onResponderTerminate={[Function]}
        onResponderTerminationRequest={[Function]}
        onStartShouldSetResponder={[Function]}
        style={
          Object {
            "alignItems": "center",
            "backgroundColor": "black",
            "borderRadius": 25,
            "height": 50,
            "justifyContent": "center",
            "opacity": 0.2,
            "width": 50,
          }
        }
      >
        <Text
          style={
            Object {
              "color": "white",
              "fontFamily": "lato-bold",
              "fontSize": 18,
            }
          }
        >
          0.5
        </Text>
      </View>
    </View>
    <View
      style={
        Object {
          "backgroundColor": "transparent",
          "borderColor": "transparent",
          "borderRadius": 4,
          "borderStyle": "solid",
          "borderWidth": 0,
          "elevation": 0,
          "marginBottom": 10,
          "minWidth": 64,
        }
      }
    >
      <View
        accessibilityRole="button"
        accessibilityState={
          Object {
            "disabled": undefined,
          }
        }
        accessible={true}
        focusable={true}
        onClick={[Function]}
        onResponderGrant={[Function]}
        onResponderMove={[Function]}
        onResponderRelease={[Function]}
        onResponderTerminate={[Function]}
        onResponderTerminationRequest={[Function]}
        onStartShouldSetResponder={[Function]}
        style={
          Array [
            Object {
              "overflow": "hidden",
            },
            Object {
              "borderRadius": 4,
            },
          ]
        }
      >
        <View
          style={
            Array [
              Object {
                "alignItems": "center",
                "flexDirection": "row",
                "justifyContent": "center",
              },
              undefined,
            ]
          }
        >
          <Text
            numberOfLines={1}
            selectable={false}
            style={
              Array [
                Object {
                  "color": "#000000",
                  "fontFamily": "System",
                  "fontWeight": "400",
                },
                Object {
                  "textAlign": "left",
                },
                Array [
                  Object {
                    "letterSpacing": 1,
                    "marginHorizontal": 16,
                    "marginVertical": 9,
                    "textAlign": "center",
                  },
                  undefined,
                  Object {
                    "textTransform": "uppercase",
                  },
                  Object {
                    "color": "#6200ee",
                    "fontFamily": "System",
                    "fontWeight": "500",
                  },
                  Object {
                    "fontFamily": "System",
                    "fontWeight": "500",
                  },
                  undefined,
                ],
              ]
            }
          >
            <Text
              style={
                Object {
                  "fontFamily": "karla-bold",
                  "fontSize": 16,
                }
              }
            >
              Calculate!
            </Text>
          </Text>
        </View>
      </View>
    </View>
  </View>
</RCTScrollView>
`;
